// Jest Snapshot v1, https://goo.gl/fbAQLP

exports[`should render Login comp + snapshot test 1`] = `
<div>
  <section>
    login
  </section>
</div>
`;
